// Jest Snapshot v1, https://goo.gl/fbAQLP

exports[`Component: Text should render Text 1`] = `
.c0 {
  font-size: 1rem;
  font-weight: normal;
}

<div
  className="c0"
/>
`;
