// Jest Snapshot v1, https://goo.gl/fbAQLP

exports[`Component: Screen should render Screen 1`] = `
.c0 {
  display: -webkit-box;
  display: -webkit-flex;
  display: -ms-flexbox;
  display: flex;
  -webkit-flex-direction: column;
  -ms-flex-direction: column;
  flex-direction: column;
  height: 100vh;
  box-sizing: border-box;
  background-color: #F5F5F5;
}

.c1 {
  display: -webkit-box;
  display: -webkit-flex;
  display: -ms-flexbox;
  display: flex;
  -webkit-flex-direction: column;
  -ms-flex-direction: column;
  flex-direction: column;
  height: 100%;
  padding: 1rem;
}

<div
  className="c0"
>
  <div
    className="c1"
  />
</div>
`;
