// Jest Snapshot v1, https://goo.gl/fbAQLP

exports[`Component: Card should render Card 1`] = `
.c0 {
  margin-bottom: 1rem;
  padding: 1rem;
  background-color: #FFF;
  border-radius: 0.5rem;
  box-shadow: 0px 3px 6px 0px rgba(0,0,0,0.125);
}

<div
  className="c0"
/>
`;

exports[`Component: Card should render Row 1`] = `
.c0 {
  display: -webkit-box;
  display: -webkit-flex;
  display: -ms-flexbox;
  display: flex;
  -webkit-box-pack: justify;
  -webkit-justify-content: space-between;
  -ms-flex-pack: justify;
  justify-content: space-between;
  margin-bottom: 0.25rem;
}

.c0:last-child {
  margin-bottom: 0;
}

<div
  className="c0"
/>
`;
